// Jest Snapshot v1, https://goo.gl/fbAQLP

exports[`should render ExpenseListItem correctly 1`] = `
<Link
  style={
    Object {
      "textDecoration": "none",
    }
  }
  to="/edit/1"
>
  <div
    className="expense-list-item--text-content"
  >
    <h4>
      Desc: 
      Gum
    </h4>
    <h5>
      Amount: 
      $1.95
    </h5>
    <p>
      <strong>
        Note:
      </strong>
       
      <br />
    </p>
    <p>
      Created: 
      December 31st, 1969
    </p>
    <br />
    <hr />
  </div>
</Link>
`;
